---
source: crates/ci-tests/tests/use_case_tester.rs
expression: output_toml
---
[package]
name = "nftmaker"
edition = "2024.beta"

[dependencies]
mvr_a = { r.mvr = "pkg.sui/qwer/1" }

[addresses]
nftmaker = "0x0"

[r.mvr]
network = "mainnet"
