---
source: crates/mvr-indexer/tests/mvr_data_tests.rs
expression: rows
---
[
  {
    "package_id": "0x0000000000000000000000000000000000000000000000000000000000000002",
    "dependency_package_id": "0x0000000000000000000000000000000000000000000000000000000000000001",
    "chain_id": "35834a8a"
  },
  {
    "package_id": "0x0000000000000000000000000000000000000000000000000000000000000003",
    "dependency_package_id": "0x0000000000000000000000000000000000000000000000000000000000000001",
    "chain_id": "35834a8a"
  },
  {
    "package_id": "0x0000000000000000000000000000000000000000000000000000000000000003",
    "dependency_package_id": "0x0000000000000000000000000000000000000000000000000000000000000002",
    "chain_id": "35834a8a"
  }
]
