---
source: crates/mvr-cli/tests/unit_tests.rs
expression: "result[0]"
---
# @generated by Move, please check-in and do not edit manually.
[move]
version = 3
manifest_digest = "77450CAF5CB6CF95D38E61C7F44F5C35EF483F5B232C93A8039C28ECA9AC8BA1"
deps_digest = "3C4103934B1E040BB6B23F1D610B4EF9F2F1166A50A104EADCF77467C004C600"
dependencies = [{ name = "deepbook", id = "deepbook" }]

[[move.package]]
id = "MoveStdlib"
source = { git = "https://github.com/MystenLabs/sui.git", rev = "framework/mainnet", subdir = "crates/sui-framework/packages/move-stdlib" }

[[move.package]]
id = "Sui"
source = { git = "https://github.com/MystenLabs/sui.git", rev = "framework/mainnet", subdir = "crates/sui-framework/packages/sui-framework" }

dependencies = [
  { id = "MoveStdlib", name = "MoveStdlib" },
]

[[move.package]]
id = "token"
source = { git = "https://github.com/example/demo.git", rev = "v1.0.0", subdir = 'packages/demo/ "../token" ' }

dependencies = [
  { id = "Sui", name = "Sui" },
]

[[move.package]]
id = "deepbook"
source = { git = "https://github.com/example/demo.git", rev = "v1.0.0", subdir = "packages/demo" }
dependencies = [
  { id = "Sui", name = "Sui" },
  { id = "token", name = "token" },
]

[move.toolchain-version]
compiler-version = "1.35.0"
edition = "2024.beta"
flavor = "sui"
