---
source: crates/mvr-api/tests/mvr_api_tests.rs
expression: err.to_string()
---
Error: {"message":"Batch size limit exceeded: 51 > 50"}
